// Jest Snapshot v1, https://goo.gl/fbAQLP

exports[`command no sub-command with arguments: args 1`] = `
[
  "source content waw waw waw",
]
`;

exports[`command no sub-command with arguments: logs 1`] = `
[
  [
    "debug [ghc] cwd: <$WORKSPACE$>/packages/commander
",
  ],
  [
    "debug [ghc] workspace: <$WORKSPACE$>/packages/commander
",
  ],
  [
    "debug [ghc] configPath: []
",
  ],
  [
    "debug [ghc] parasticConfigPath: <$WORKSPACE$>/packages/commander/package.json
",
  ],
  [
    "debug [ghc] parasticConfigEntry: @guanghechen/commander--demo
",
  ],
  [
    "debug [ghc] logLevel: 1
",
  ],
  [
    "debug [ghc] resolvedConfig: {}
",
  ],
  [
    "debug [ghc] resolvedOptions: {encoding:'utf8',force:false,silence:true}
",
  ],
  [
    "debug [ghc] encoding: utf8
",
  ],
  [
    "debug [ghc] input: undefined
",
  ],
  [
    "debug [ghc] output: undefined
",
  ],
  [
    "debug [ghc] force: true
",
  ],
  [
    "debug [ghc] silence: false
",
  ],
]
`;

exports[`command no sub-command with arguments: options 1`] = `
{
  "configPath": [],
  "force": true,
  "logFlight": [
    "no-date",
    "no-colorful",
  ],
  "logLevel": "debug",
  "silence": false,
}
`;

exports[`command no sub-command with arguments: resolvedOptions 1`] = `
{
  "configPath": [],
  "cwd": "<$WORKSPACE$>/packages/commander",
  "encoding": "utf8",
  "force": true,
  "input": undefined,
  "logLevel": 1,
  "output": undefined,
  "parasticConfigEntry": "@guanghechen/commander--demo",
  "parasticConfigPath": "<$WORKSPACE$>/packages/commander/package.json",
  "silence": false,
  "workspace": "<$WORKSPACE$>/packages/commander",
}
`;

exports[`command no sub-command without arguments: args 1`] = `
[
  undefined,
]
`;

exports[`command no sub-command without arguments: logs 1`] = `
[
  [
    "debug [ghc] cwd: <$WORKSPACE$>/packages/commander
",
  ],
  [
    "debug [ghc] workspace: <$WORKSPACE$>/packages/commander
",
  ],
  [
    "debug [ghc] configPath: []
",
  ],
  [
    "debug [ghc] parasticConfigPath: <$WORKSPACE$>/packages/commander/package.json
",
  ],
  [
    "debug [ghc] parasticConfigEntry: @guanghechen/commander--demo
",
  ],
  [
    "debug [ghc] logLevel: 1
",
  ],
  [
    "debug [ghc] resolvedConfig: {}
",
  ],
  [
    "debug [ghc] resolvedOptions: {encoding:'utf8',force:false,silence:true}
",
  ],
  [
    "debug [ghc] encoding: utf8
",
  ],
  [
    "debug [ghc] input: undefined
",
  ],
  [
    "debug [ghc] output: undefined
",
  ],
  [
    "debug [ghc] force: true
",
  ],
  [
    "debug [ghc] silence: false
",
  ],
]
`;

exports[`command no sub-command without arguments: options 1`] = `
{
  "configPath": [],
  "force": true,
  "logFlight": [
    "no-date",
    "no-colorful",
  ],
  "logLevel": "debug",
  "silence": false,
}
`;

exports[`command no sub-command without arguments: resolvedOptions 1`] = `
{
  "configPath": [],
  "cwd": "<$WORKSPACE$>/packages/commander",
  "encoding": "utf8",
  "force": true,
  "input": undefined,
  "logLevel": 1,
  "output": undefined,
  "parasticConfigEntry": "@guanghechen/commander--demo",
  "parasticConfigPath": "<$WORKSPACE$>/packages/commander/package.json",
  "silence": false,
  "workspace": "<$WORKSPACE$>/packages/commander",
}
`;
